// Jest Snapshot v1, https://goo.gl/fbAQLP

exports[`intl SignUpForm fr should match snapshot 1`] = `
Object {
  "signUpForm": Object {
    "button": Object {
      "submit": "S'inscrire",
    },
    "errors": Object {
      "isRequired": "Est requis",
      "mismatch": "Ne correspond pas",
      "notStrongEnough": "Est trop faible",
      "tooLong": "Est trop long",
      "tooShort": "Est trop court",
    },
    "input": Object {
      "confirmPassword": Object {
        "label": "Confirmation du mot de passe",
      },
      "name": Object {
        "label": "Nom complet",
      },
      "password": Object {
        "label": "Mot de passe",
      },
      "username": Object {
        "label": "Nom d'utilisateur",
      },
    },
    "message": Object {
      "success": "Vous êtes maintenant inscrits",
    },
    "title": "Inscription",
  },
}
`;
