// Jest Snapshot v1, https://goo.gl/fbAQLP

exports[`intl en should match snapshot 1`] = `
Object {
  "hello": "Hello",
  "signInForm_button_submit": "submit",
  "signInForm_errors_isRequired": "Is required",
  "signInForm_errors_mismatch": "Password mismatch",
  "signInForm_errors_noUser": "No user was found",
  "signInForm_errors_notStrongEnough": "Not strong enough",
  "signInForm_errors_tooLong": "Too long",
  "signInForm_errors_tooShort": "Too short",
  "signInForm_input_password_label": "Password",
  "signInForm_input_username_label": "Username",
  "signUpForm_button_submit": "submit",
  "signUpForm_errors_isRequired": "Is required",
  "signUpForm_errors_mismatch": "Password mismatch",
  "signUpForm_errors_notStrongEnough": "Not strong enough",
  "signUpForm_errors_tooLong": "Too long",
  "signUpForm_errors_tooShort": "Too short",
  "signUpForm_input_confirmPassword_label": "Confirm password",
  "signUpForm_input_name_label": "Complete name",
  "signUpForm_input_password_label": "Password",
  "signUpForm_input_username_label": "Username",
}
`;
