// Jest Snapshot v1, https://goo.gl/fbAQLP

exports[`intl fr should match snapshot 1`] = `
Object {
  "hello": "Bonjour",
  "signInForm_button_submit": "submit",
  "signInForm_errors_isRequired": "Est requis",
  "signInForm_errors_mismatch": "Ne correspond pas",
  "signInForm_errors_noUser": "No user was found",
  "signInForm_errors_notStrongEnough": "Trop faible",
  "signInForm_errors_tooLong": "Trop long",
  "signInForm_errors_tooShort": "Trop court",
  "signInForm_input_password_label": "Mot de passe",
  "signInForm_input_username_label": "Nom D'utilisateur",
  "signUpForm_button_submit": "submit",
  "signUpForm_errors_isRequired": "Est requis",
  "signUpForm_errors_mismatch": "Ne correspond pas",
  "signUpForm_errors_notStrongEnough": "Trop faible",
  "signUpForm_errors_tooLong": "Trop long",
  "signUpForm_errors_tooShort": "Trop court",
  "signUpForm_input_confirmPassword_label": "Confirmation du mot de passe",
  "signUpForm_input_name_label": "Nom complet",
  "signUpForm_input_password_label": "Mot de passe",
  "signUpForm_input_username_label": "Nom D'utilisateur",
}
`;
