// Jest Snapshot v1, https://goo.gl/fbAQLP

exports[`intl messages should match snapshot 1`] = `
Object {
  "en": Object {
    "hello": "Hello",
    "signUpForm_errors_isRequired": "Is required",
    "signUpForm_errors_mismatch": "Password mismatch",
    "signUpForm_errors_notStrongEnough": "Not strong enough",
    "signUpForm_errors_tooLong": "Too long",
    "signUpForm_errors_tooShort": "Too short",
    "signUpForm_input_confirmPassword_label": "Confirm password",
    "signUpForm_input_name_label": "Complete name",
    "signUpForm_input_password_label": "Password",
    "signUpForm_input_username_label": "Username",
  },
  "fr": Object {
    "hello": "Bonjour",
    "signUpForm_errors_isRequired": "Est requis",
    "signUpForm_errors_mismatch": "Ne correspond pas",
    "signUpForm_errors_notStrongEnough": "Trop faible",
    "signUpForm_errors_tooLong": "Trop long",
    "signUpForm_errors_tooShort": "Trop court",
    "signUpForm_input_confirmPassword_label": "Confirmation du mot de passe",
    "signUpForm_input_name_label": "Nom complet",
    "signUpForm_input_password_label": "Mot de passe",
    "signUpForm_input_username_label": "Nom D'utilisateur",
  },
}
`;
