// Jest Snapshot v1, https://goo.gl/fbAQLP

exports[`intl SignUpForm en should match snapshot 1`] = `
Object {
  "signInForm": Object {
    "button": Object {
      "submit": "Sign in",
    },
    "errors": Object {
      "isRequired": "Is required",
      "mismatch": "Password mismatch",
      "noUser": "No user was found",
      "notStrongEnough": "Is not strong enough",
      "tooLong": "Is too long",
      "tooShort": "Is too short",
    },
    "input": Object {
      "password": Object {
        "label": "Password",
      },
      "username": Object {
        "label": "Username",
      },
    },
    "message": Object {
      "success": "You're now signed in and will be redirected",
    },
    "title": "Sign in",
  },
}
`;
