// Jest Snapshot v1, https://goo.gl/fbAQLP

exports[`intl SignUpForm fr should match snapshot 1`] = `
Object {
  "signInForm": Object {
    "button": Object {
      "submit": "Se connecter",
    },
    "errors": Object {
      "isRequired": "Est requis",
      "mismatch": "Ne correspond pas",
      "noUser": "Aucun utilisateur trouvé",
      "notStrongEnough": "Est trop faible",
      "tooLong": "Est trop long",
      "tooShort": "Est trop court",
    },
    "input": Object {
      "password": Object {
        "label": "Mot de passe",
      },
      "username": Object {
        "label": "Nom d'utilisateur",
      },
    },
    "message": Object {
      "success": "Vous êtes maintenant connectés et serez redirigé",
    },
    "title": "Connexion",
  },
}
`;
